[daynightonline.in/Ui/adminUi/home.html]
[ajax.googleapis.com/ajax/libs/jquery/1.11.2/jquery.min.js]
[cdnjs.cloudflare.com/ajax/libs/html2canvas/0.4.1/html2canvas.js]
[daynightonline.in/Ui/adminUi/js/home512a.js]
[daynightonline.in/Ui/adminUi/js/ticketTypeDetectorfb74.js]
[daynightonline.in/Ui/adminUi/js/filterChar.js]
[backblue.gif]
[fade.gif]
[index.html]
[daynightonline.in/Ui/adminUi/php/printPoster.php]
[daynightonline.in/Ui/imgAsset/wallpaper.png]
[daynightonline.in/Ui/adminUi/home.html]
[daynightonline.in/Ui/adminUi/php/searchTicket.html]
[daynightonline.in/Ui/adminUi/php/searchAgent.html]
[daynightonline.in/Ui/adminUi/php/saveAnnouncement.html]
[daynightonline.in/Ui/adminUi/php/login.html]
[daynightonline.in/Ui/adminUi/php/saveJsonFile.html]
[daynightonline.in/Ui/adminUi/php/getJsonFile.html]
[daynightonline.in/Ui/adminUi/php/getBusinessInfo.html]
[daynightonline.in/Ui/adminUi/php/getDividentList.html]
[daynightonline.in/Ui/adminUi/php/getSoldTicket.html]
[daynightonline.in/Ui/adminUi/php/getAgentList.html]
[daynightonline.in/Ui/adminUi/php/getAllTicket.html]
[daynightonline.in/Ui/adminUi/php/getRenewJson.html]
[daynightonline.in/Ui/adminUi/php/getTicketDetail.html]
[daynightonline.in/Ui/adminUi/php/getAgentDetail.html]
[daynightonline.in/Ui/adminUi/php/addAgent.html]
[daynightonline.in/Ui/adminUi/php/saveAgent.html]
[daynightonline.in/Ui/adminUi/php/delAgent.html]
[daynightonline.in/Ui/adminUi/php/saveTNO.html]
[daynightonline.in/Ui/adminUi/php/resetTNO.html]
[daynightonline.in/Ui/adminUi/php/book.html]
[daynightonline.in/Ui/adminUi/php/resetCall.html]
[daynightonline.in/Ui/adminUi/php/resetTicket.html]
[daynightonline.in/Ui/adminUi/php/resetAgent.html]
[daynightonline.in/Ui/adminUi/php/addTicketBackup.html]
[daynightonline.in/Ui/adminUi/php/getCurrentTicket.html]
[daynightonline.in/Ui/adminUi/php/getCurrentWinner.html]
[daynightonline.in/Ui/adminUi/php/checkLastTransaction.html]
[daynightonline.in/Ui/adminUi/js/home512a.js]
[daynightonline.in/Ui/adminUi/js/ticketTypeDetectorfb74.js]
[daynightonline.in/Ui/adminUi/js/filterChar.js]
[daynightonline.in/Ui/adminUi/php/searchTicket.html]
[daynightonline.in/Ui/adminUi/php/searchAgent.html]
[daynightonline.in/Ui/adminUi/php/getAnouncement.html]
[daynightonline.in/Ui/adminUi/php/saveAnnouncement.html]
[daynightonline.in/Ui/adminUi/php/login.html]
[daynightonline.in/Ui/adminUi/php/saveJsonFile.html]
[daynightonline.in/Ui/adminUi/php/getJsonFile.html]
[daynightonline.in/Ui/adminUi/php/getBusinessInfo.html]
[daynightonline.in/Ui/adminUi/php/getDividentList.html]
[daynightonline.in/Ui/adminUi/php/getSoldTicket.html]
[daynightonline.in/Ui/adminUi/php/getAgentList.html]
[daynightonline.in/Ui/adminUi/php/getAllTicket.html]
[daynightonline.in/Ui/adminUi/php/getRenewJson.html]
[daynightonline.in/Ui/adminUi/php/getTicketDetail.html]
[daynightonline.in/Ui/adminUi/php/getAgentDetail.html]
[daynightonline.in/Ui/adminUi/php/addAgent.html]
[daynightonline.in/Ui/adminUi/php/saveAgent.html]
[daynightonline.in/Ui/adminUi/php/delAgent.html]
[daynightonline.in/Ui/adminUi/php/saveTNO.html]
[daynightonline.in/Ui/adminUi/php/resetTNO.html]
[daynightonline.in/Ui/adminUi/php/book.html]
[daynightonline.in/Ui/adminUi/php/resetCall.html]
[daynightonline.in/Ui/adminUi/php/resetTicket.html]
[daynightonline.in/Ui/adminUi/php/resetAgent.html]
[daynightonline.in/Ui/adminUi/php/addTicketBackup.html]
[daynightonline.in/Ui/adminUi/php/getCurrentTicket.html]
[daynightonline.in/Ui/adminUi/php/getCurrentWinner.html]
[daynightonline.in/Ui/adminUi/php/checkLastTransaction.html]
